  Determining projects to restore...
  All projects are up-to-date for restore.
C:\Users\boden\Documents\My Games\Terraria\tModLoader\ModSources\AbaAbilities\Common\Config\ServerConfig.cs(9,10): warning CS0618: 'LabelAttribute' is obsolete: 'Labels are now automatically localized in localization files. Use LabelKeyAttribute to customize the key or use the autogenerated translation key instead. The functionality for showing this field or property in the ModConfig UI despite using [JsonIgnore] is now done through [ShowDespiteJsonIgnoreAttribute]' [C:\Users\boden\Documents\My Games\Terraria\tModLoader\ModSources\AbaAbilities\AbaAbilities.csproj]
C:\Users\boden\Documents\My Games\Terraria\tModLoader\ModSources\AbaAbilities\Common\AbilityCapacityApi.cs(17,53): error CS0426: The type name 'Core' does not exist in the type 'AbaAbilities' [C:\Users\boden\Documents\My Games\Terraria\tModLoader\ModSources\AbaAbilities\AbaAbilities.csproj]
C:\Users\boden\Documents\My Games\Terraria\tModLoader\ModSources\AbaAbilities\Common\AbilityCapacityApi.cs(22,33): error CS0117: 'AbaAbilities' does not contain a definition for 'Core' [C:\Users\boden\Documents\My Games\Terraria\tModLoader\ModSources\AbaAbilities\AbaAbilities.csproj]
C:\Users\boden\Documents\My Games\Terraria\tModLoader\ModSources\AbaAbilities\Common\AbilityCapacityApi.cs(37,33): error CS0117: 'AbaAbilities' does not contain a definition for 'Core' [C:\Users\boden\Documents\My Games\Terraria\tModLoader\ModSources\AbaAbilities\AbaAbilities.csproj]
C:\Users\boden\Documents\My Games\Terraria\tModLoader\ModSources\AbaAbilities\Common\AbilityCapacityApi.cs(66,30): error CS0117: 'AbaAbilities' does not contain a definition for 'Core' [C:\Users\boden\Documents\My Games\Terraria\tModLoader\ModSources\AbaAbilities\AbaAbilities.csproj]
C:\Users\boden\Documents\My Games\Terraria\tModLoader\ModSources\AbaAbilities\Common\AbilityCapacityApi.cs(89,26): error CS0117: 'AbaAbilities' does not contain a definition for 'Core' [C:\Users\boden\Documents\My Games\Terraria\tModLoader\ModSources\AbaAbilities\AbaAbilities.csproj]
C:\Users\boden\Documents\My Games\Terraria\tModLoader\ModSources\AbaAbilities\Common\AbilityCapacityApi.cs(107,26): error CS0117: 'AbaAbilities' does not contain a definition for 'Core' [C:\Users\boden\Documents\My Games\Terraria\tModLoader\ModSources\AbaAbilities\AbaAbilities.csproj]
C:\Users\boden\Documents\My Games\Terraria\tModLoader\ModSources\AbaAbilities\Content\UI\RunecrafterDialogueUI.cs(19,25): warning CS0067: The event 'RunecrafterDialogueUI.OnUnlockInfoClicked' is never used [C:\Users\boden\Documents\My Games\Terraria\tModLoader\ModSources\AbaAbilities\AbaAbilities.csproj]
C:\Users\boden\Documents\My Games\Terraria\tModLoader\ModSources\AbaAbilities\Content\Projectiles\Hyperion\HyperionExplosion.cs(55,55): warning ChangeMagicNumberToID: The number 27 should be changed to DustID.Shadowflame for readability (https://github.com/tModLoader/tModLoader/wiki/tModCodeAssist#changemagicnumbertoid) [C:\Users\boden\Documents\My Games\Terraria\tModLoader\ModSources\AbaAbilities\AbaAbilities.csproj]

Build FAILED.

C:\Users\boden\Documents\My Games\Terraria\tModLoader\ModSources\AbaAbilities\Common\Config\ServerConfig.cs(9,10): warning CS0618: 'LabelAttribute' is obsolete: 'Labels are now automatically localized in localization files. Use LabelKeyAttribute to customize the key or use the autogenerated translation key instead. The functionality for showing this field or property in the ModConfig UI despite using [JsonIgnore] is now done through [ShowDespiteJsonIgnoreAttribute]' [C:\Users\boden\Documents\My Games\Terraria\tModLoader\ModSources\AbaAbilities\AbaAbilities.csproj]
C:\Users\boden\Documents\My Games\Terraria\tModLoader\ModSources\AbaAbilities\Content\UI\RunecrafterDialogueUI.cs(19,25): warning CS0067: The event 'RunecrafterDialogueUI.OnUnlockInfoClicked' is never used [C:\Users\boden\Documents\My Games\Terraria\tModLoader\ModSources\AbaAbilities\AbaAbilities.csproj]
C:\Users\boden\Documents\My Games\Terraria\tModLoader\ModSources\AbaAbilities\Content\Projectiles\Hyperion\HyperionExplosion.cs(55,55): warning ChangeMagicNumberToID: The number 27 should be changed to DustID.Shadowflame for readability (https://github.com/tModLoader/tModLoader/wiki/tModCodeAssist#changemagicnumbertoid) [C:\Users\boden\Documents\My Games\Terraria\tModLoader\ModSources\AbaAbilities\AbaAbilities.csproj]
C:\Users\boden\Documents\My Games\Terraria\tModLoader\ModSources\AbaAbilities\Common\AbilityCapacityApi.cs(17,53): error CS0426: The type name 'Core' does not exist in the type 'AbaAbilities' [C:\Users\boden\Documents\My Games\Terraria\tModLoader\ModSources\AbaAbilities\AbaAbilities.csproj]
C:\Users\boden\Documents\My Games\Terraria\tModLoader\ModSources\AbaAbilities\Common\AbilityCapacityApi.cs(22,33): error CS0117: 'AbaAbilities' does not contain a definition for 'Core' [C:\Users\boden\Documents\My Games\Terraria\tModLoader\ModSources\AbaAbilities\AbaAbilities.csproj]
C:\Users\boden\Documents\My Games\Terraria\tModLoader\ModSources\AbaAbilities\Common\AbilityCapacityApi.cs(37,33): error CS0117: 'AbaAbilities' does not contain a definition for 'Core' [C:\Users\boden\Documents\My Games\Terraria\tModLoader\ModSources\AbaAbilities\AbaAbilities.csproj]
C:\Users\boden\Documents\My Games\Terraria\tModLoader\ModSources\AbaAbilities\Common\AbilityCapacityApi.cs(66,30): error CS0117: 'AbaAbilities' does not contain a definition for 'Core' [C:\Users\boden\Documents\My Games\Terraria\tModLoader\ModSources\AbaAbilities\AbaAbilities.csproj]
C:\Users\boden\Documents\My Games\Terraria\tModLoader\ModSources\AbaAbilities\Common\AbilityCapacityApi.cs(89,26): error CS0117: 'AbaAbilities' does not contain a definition for 'Core' [C:\Users\boden\Documents\My Games\Terraria\tModLoader\ModSources\AbaAbilities\AbaAbilities.csproj]
C:\Users\boden\Documents\My Games\Terraria\tModLoader\ModSources\AbaAbilities\Common\AbilityCapacityApi.cs(107,26): error CS0117: 'AbaAbilities' does not contain a definition for 'Core' [C:\Users\boden\Documents\My Games\Terraria\tModLoader\ModSources\AbaAbilities\AbaAbilities.csproj]
    3 Warning(s)
    6 Error(s)

Time Elapsed 00:00:03.14
